2021-08-01 02:40:39,873:INFO:Initializing load_model()
2021-08-01 02:40:39,874:INFO:load_model(model_name=sc_20210526, platform=None, authentication=None, verbose=True)
2021-08-01 02:48:08,807:INFO:Initializing load_model()
2021-08-01 02:48:08,807:INFO:load_model(model_name=sc_20210526, platform=None, authentication=None, verbose=True)
2021-08-01 02:57:28,054:INFO:Initializing load_model()
2021-08-01 02:57:28,054:INFO:load_model(model_name=sc_20210526, platform=None, authentication=None, verbose=True)
2021-08-01 03:00:18,383:INFO:Initializing load_model()
2021-08-01 03:00:18,384:INFO:load_model(model_name=autism-Adolescent-2021-7-28.pkl, platform=None, authentication=None, verbose=True)
2021-08-01 03:00:54,903:INFO:Initializing load_model()
2021-08-01 03:00:54,904:INFO:load_model(model_name=autism-Adolescent-2021-7-28, platform=None, authentication=None, verbose=True)
2021-08-01 03:10:09,384:INFO:Initializing load_model()
2021-08-01 03:10:09,384:INFO:load_model(model_name=autism-Adolescent-2021-7-28, platform=None, authentication=None, verbose=True)
2021-08-01 03:24:12,507:INFO:Initializing load_model()
2021-08-01 03:24:12,508:INFO:load_model(model_name=autism-Adolescent-2021-7-28, platform=None, authentication=None, verbose=True)
2021-08-01 03:24:38,235:INFO:Initializing load_model()
2021-08-01 03:24:38,235:INFO:load_model(model_name=sc_20210526, platform=None, authentication=None, verbose=True)
2021-08-01 03:28:31,120:INFO:Initializing load_model()
2021-08-01 03:28:31,120:INFO:load_model(model_name=sc_20210526, platform=None, authentication=None, verbose=True)
2021-08-01 03:29:56,151:INFO:Initializing load_model()
2021-08-01 03:29:56,152:INFO:load_model(model_name=autism-Adolescent-2021-7-28, platform=None, authentication=None, verbose=True)
2021-08-01 03:32:29,043:INFO:Initializing load_model()
2021-08-01 03:32:29,043:INFO:load_model(model_name=autism-Adolescent-2021-7-28, platform=None, authentication=None, verbose=True)
2021-08-01 03:59:27,286:INFO:Initializing load_model()
2021-08-01 03:59:27,287:INFO:load_model(model_name=autism-Adolescent-2021-7-28, platform=None, authentication=None, verbose=True)
2021-08-01 03:59:28,604:INFO:Initializing predict_model()
2021-08-01 03:59:28,604:INFO:predict_model(estimator=Pipeline(steps=[('dtypes',
                 DataTypes_Auto_infer(ml_usecase='classification',
                                      target='Class/ASD')),
                ('imputer',
                 Simple_Imputer(categorical_strategy='not_available',
                                fill_value_categorical=None,
                                fill_value_numerical=None,
                                numeric_strategy='mean',
                                target_variable=None)),
                ('new_levels1',
                 New_Catagorical_Levels_in_TestData(replacement_strategy='least '
                                                                         'frequent',
                                                    t...
                ('binn', 'passthrough'), ('rem_outliers', 'passthrough'),
                ('cluster_all', 'passthrough'),
                ('dummy', Dummify(target='Class/ASD')),
                ('fix_perfect', 'passthrough'),
                ('clean_names', Clean_Colum_Names()),
                ('feature_select', 'passthrough'), ('fix_multi', 'passthrough'),
                ('dfs', 'passthrough'), ('pca', 'passthrough'),
                ['trained_model', AdaBoostClassifier(random_state=2411)]]), probability_threshold=None, encoded_labels=False, raw_score=False, round=4, verbose=True, ml_usecase=MLUsecase.CLASSIFICATION, display=None)
2021-08-01 03:59:28,604:INFO:Checking exceptions
2021-08-01 03:59:28,604:INFO:Preloading libraries
2021-08-01 04:38:35,822:INFO:Initializing load_model()
2021-08-01 04:38:35,850:INFO:load_model(model_name=autism-Adolescent-2021-7-28, platform=None, authentication=None, verbose=True)
